<?xml version="1.0" encoding="utf-8"?>
<TestRun id="a253f8e1-ee94-4175-87a9-dee16792502e" name="SYSTEM@PAYTON-LEGION2 2026-09-20 03:48:07" runUser="PAYTON-LEGION2\kingd" xmlns="http://microsoft.com/schemas/VisualStudio/TeamTest/2010">
  <Times creation="2026-09-20T03:48:07.3543041-05:00" queuing="2026-09-20T03:48:07.3543044-05:00" start="2026-09-20T03:48:06.5132595-05:00" finish="2026-09-20T03:48:07.7671691-05:00" />
  <TestSettings name="default" id="719a89fe-2249-4cbe-a52d-9797963db8e3">
    <Deployment runDeploymentRoot="SYSTEM_PAYTON-LEGION2_2026-09-20_03_48_07" />
  </TestSettings>
  <Results>
    <UnitTestResult executionId="88beceb2-0f32-4109-86fc-4072034e828b" testId="3648846c-d177-c9f9-cf58-f2ac72b819d5" testName="SharpNinja.FeatureFlags.Admin.Blazor.Tests.AdminAuthorizationBoundaryTests.AnonymousMutationRejectsForgedPrivileges(operation: &quot;update&quot;)" computerName="PAYTON-LEGION2" duration="00:00:00.0011260" startTime="2026-09-20T03:48:07.2887248-05:00" endTime="2026-09-20T03:48:07.2887753-05:00" testType="13cdc9d9-ddb5-4fa4-a97d-d965ccfc6d4b" outcome="Passed" testListId="8c84fa94-04c1-424b-9868-57a2d4851a1d" relativeResultsDirectory="88beceb2-0f32-4109-86fc-4072034e828b" />
    <UnitTestResult executionId="789f6fc1-d46d-4a5b-ac1c-60827ebcd0c6" testId="170a2b66-ce8c-9d53-196d-47c182d9408e" testName="SharpNinja.FeatureFlags.Admin.Blazor.Tests.AdminAuthorizationBoundaryTests.EditorWithoutProductGrantCannotUseForgedProductMetadata" computerName="PAYTON-LEGION2" duration="00:00:00.0036369" startTime="2026-09-20T03:48:07.3208127-05:00" endTime="2026-09-20T03:48:07.3208800-05:00" testType="13cdc9d9-ddb5-4fa4-a97d-d965ccfc6d4b" outcome="Passed" testListId="8c84fa94-04c1-424b-9868-57a2d4851a1d" relativeResultsDirectory="789f6fc1-d46d-4a5b-ac1c-60827ebcd0c6" />
    <UnitTestResult executionId="2ca91ce2-6277-401a-a92d-a42dcbda9c46" testId="e85b140c-08de-c9d2-4032-de81b270a53e" testName="SharpNinja.FeatureFlags.Admin.Blazor.Tests.PageRenderTests.AuditTrailRendersEmptyState" computerName="PAYTON-LEGION2" duration="00:00:00.0035598" startTime="2026-09-20T03:48:07.6509341-05:00" endTime="2026-09-20T03:48:07.6544068-05:00" testType="13cdc9d9-ddb5-4fa4-a97d-d965ccfc6d4b" outcome="Passed" testListId="8c84fa94-04c1-424b-9868-57a2d4851a1d" relativeResultsDirectory="2ca91ce2-6277-401a-a92d-a42dcbda9c46" />
    <UnitTestResult executionId="83ca6b10-ed71-4bb5-8b73-71919cd218f5" testId="c2951603-d509-699e-2f9c-7a561968f3ec" testName="SharpNinja.FeatureFlags.Admin.Blazor.Tests.AdminAuthorizationBoundaryTests.EveryAdminRouteRequiresAuthorization" computerName="PAYTON-LEGION2" duration="00:00:00.0035763" startTime="2026-09-20T03:48:07.3202194-05:00" endTime="2026-09-20T03:48:07.3203488-05:00" testType="13cdc9d9-ddb5-4fa4-a97d-d965ccfc6d4b" outcome="Passed" testListId="8c84fa94-04c1-424b-9868-57a2d4851a1d" relativeResultsDirectory="83ca6b10-ed71-4bb5-8b73-71919cd218f5" />
    <UnitTestResult executionId="f0f21677-85da-4d2d-9647-616652d0a8e1" testId="c7d99808-0a73-952e-e3cd-a15c3dafeac4" testName="SharpNinja.FeatureFlags.Admin.Blazor.Tests.PageRenderTests.DashboardRendersZeroCountsWhenEmpty" computerName="PAYTON-LEGION2" duration="00:00:00.0014540" startTime="2026-09-20T03:48:07.7051270-05:00" endTime="2026-09-20T03:48:07.7064989-05:00" testType="13cdc9d9-ddb5-4fa4-a97d-d965ccfc6d4b" outcome="Passed" testListId="8c84fa94-04c1-424b-9868-57a2d4851a1d" relativeResultsDirectory="f0f21677-85da-4d2d-9647-616652d0a8e1" />
    <UnitTestResult executionId="b2921dec-f2c8-4206-a20f-615165f1676f" testId="43b8a454-5e24-c38f-cb7f-082f2b9a028e" testName="SharpNinja.FeatureFlags.Admin.Blazor.Tests.PageRenderTests.FlagListRendersRowsForEachDraft" computerName="PAYTON-LEGION2" duration="00:00:00.0016367" startTime="2026-09-20T03:48:07.7034252-05:00" endTime="2026-09-20T03:48:07.7050015-05:00" testType="13cdc9d9-ddb5-4fa4-a97d-d965ccfc6d4b" outcome="Passed" testListId="8c84fa94-04c1-424b-9868-57a2d4851a1d" relativeResultsDirectory="b2921dec-f2c8-4206-a20f-615165f1676f" />
    <UnitTestResult executionId="766b4f47-6950-4371-9af3-b3d21e902485" testId="cc0121ba-0027-c455-e805-84e7cd0f0cfe" testName="SharpNinja.FeatureFlags.Admin.Blazor.Tests.AdminAuthorizationBoundaryTests.ViewerMutationRejectsForgedPrivileges(operation: &quot;publish&quot;)" computerName="PAYTON-LEGION2" duration="00:00:00.0023104" startTime="2026-09-20T03:48:07.2874526-05:00" endTime="2026-09-20T03:48:07.2874925-05:00" testType="13cdc9d9-ddb5-4fa4-a97d-d965ccfc6d4b" outcome="Passed" testListId="8c84fa94-04c1-424b-9868-57a2d4851a1d" relativeResultsDirectory="766b4f47-6950-4371-9af3-b3d21e902485" />
    <UnitTestResult executionId="9d58c23d-bd7f-4ac3-91a5-49dd44b57f56" testId="ab48e55c-8dea-fed3-52e8-5eacb2281b2d" testName="SharpNinja.FeatureFlags.Admin.Blazor.Tests.AdminAuthorizationBoundaryTests.ViewerMutationRejectsForgedPrivileges(operation: &quot;promote&quot;)" computerName="PAYTON-LEGION2" duration="00:00:00.0032088" startTime="2026-09-20T03:48:07.2873180-05:00" endTime="2026-09-20T03:48:07.2873598-05:00" testType="13cdc9d9-ddb5-4fa4-a97d-d965ccfc6d4b" outcome="Passed" testListId="8c84fa94-04c1-424b-9868-57a2d4851a1d" relativeResultsDirectory="9d58c23d-bd7f-4ac3-91a5-49dd44b57f56" />
    <UnitTestResult executionId="f38cd15c-c632-4b81-983e-414d272957aa" testId="90da93b7-ac5b-2c88-0ce6-6d4aba65e3b3" testName="SharpNinja.FeatureFlags.Admin.Blazor.Tests.PageRenderTests.MetricsRendersAdminMetrics" computerName="PAYTON-LEGION2" duration="00:00:00.0072967" startTime="2026-09-20T03:48:07.6435141-05:00" endTime="2026-09-20T03:48:07.6507265-05:00" testType="13cdc9d9-ddb5-4fa4-a97d-d965ccfc6d4b" outcome="Passed" testListId="8c84fa94-04c1-424b-9868-57a2d4851a1d" relativeResultsDirectory="f38cd15c-c632-4b81-983e-414d272957aa" />
    <UnitTestResult executionId="8bf8aee3-93e2-4999-b4d8-edf52cde7ef0" testId="ce093013-9a81-cbb6-b80a-3f1a3154b766" testName="SharpNinja.FeatureFlags.Admin.Blazor.Tests.PageRenderTests.MetricsRendersExperimentResults" computerName="PAYTON-LEGION2" duration="00:00:00.0119944" startTime="2026-09-20T03:48:07.6841981-05:00" endTime="2026-09-20T03:48:07.6961469-05:00" testType="13cdc9d9-ddb5-4fa4-a97d-d965ccfc6d4b" outcome="Passed" testListId="8c84fa94-04c1-424b-9868-57a2d4851a1d" relativeResultsDirectory="8bf8aee3-93e2-4999-b4d8-edf52cde7ef0" />
    <UnitTestResult executionId="33d7af3e-4353-4cad-a51e-ff74c04d148a" testId="d509f411-3226-f714-fc84-7c51d6961f74" testName="SharpNinja.FeatureFlags.Admin.Blazor.Tests.PageRenderTests.FlagPublishRendersForm" computerName="PAYTON-LEGION2" duration="00:00:00.0048834" startTime="2026-09-20T03:48:07.6752478-05:00" endTime="2026-09-20T03:48:07.6782727-05:00" testType="13cdc9d9-ddb5-4fa4-a97d-d965ccfc6d4b" outcome="Passed" testListId="8c84fa94-04c1-424b-9868-57a2d4851a1d" relativeResultsDirectory="33d7af3e-4353-4cad-a51e-ff74c04d148a" />
    <UnitTestResult executionId="6c94d718-d0af-4440-b9f1-9cfe91df2167" testId="34454f86-914d-8409-3db8-0e7017244281" testName="SharpNinja.FeatureFlags.Admin.Blazor.Tests.AdminAuthorizationBoundaryTests.AnonymousMutationRejectsForgedPrivileges(operation: &quot;publish&quot;)" computerName="PAYTON-LEGION2" duration="00:00:00.0002074" startTime="2026-09-20T03:48:07.2891037-05:00" endTime="2026-09-20T03:48:07.2891440-05:00" testType="13cdc9d9-ddb5-4fa4-a97d-d965ccfc6d4b" outcome="Passed" testListId="8c84fa94-04c1-424b-9868-57a2d4851a1d" relativeResultsDirectory="6c94d718-d0af-4440-b9f1-9cfe91df2167" />
    <UnitTestResult executionId="ba8dd653-842f-48f6-b2b0-646e532aa1c7" testId="95d3abe3-11b7-f7b8-2ffa-e670a8c70f7e" testName="SharpNinja.FeatureFlags.Admin.Blazor.Tests.AdminAuthorizationBoundaryTests.ViewerMutationRejectsForgedPrivileges(operation: &quot;create&quot;)" computerName="PAYTON-LEGION2" duration="00:00:00.0028821" startTime="2026-09-20T03:48:07.2865440-05:00" endTime="2026-09-20T03:48:07.2866259-05:00" testType="13cdc9d9-ddb5-4fa4-a97d-d965ccfc6d4b" outcome="Passed" testListId="8c84fa94-04c1-424b-9868-57a2d4851a1d" relativeResultsDirectory="ba8dd653-842f-48f6-b2b0-646e532aa1c7" />
    <UnitTestResult executionId="c273fb4d-cd88-408d-bbba-2a35168edd3b" testId="92da9ae6-2429-c6b3-dc0b-f68cdb0b1623" testName="SharpNinja.FeatureFlags.Admin.Blazor.Tests.PageRenderTests.FlagEditRendersForm" computerName="PAYTON-LEGION2" duration="00:00:00.3951883" startTime="2026-09-20T03:48:07.2169874-05:00" endTime="2026-09-20T03:48:07.6137938-05:00" testType="13cdc9d9-ddb5-4fa4-a97d-d965ccfc6d4b" outcome="Passed" testListId="8c84fa94-04c1-424b-9868-57a2d4851a1d" relativeResultsDirectory="c273fb4d-cd88-408d-bbba-2a35168edd3b" />
    <UnitTestResult executionId="d0f2542c-3bc5-4d2e-9e6b-97fa0c49090b" testId="0eaaad29-27fb-88d6-d41e-b68f33f986ad" testName="SharpNinja.FeatureFlags.Admin.Blazor.Tests.AdminAuthorizationBoundaryTests.EditorCreateAuditsAuthenticatedActor" computerName="PAYTON-LEGION2" duration="00:00:00.0118834" startTime="2026-09-20T03:48:07.3210566-05:00" endTime="2026-09-20T03:48:07.3211261-05:00" testType="13cdc9d9-ddb5-4fa4-a97d-d965ccfc6d4b" outcome="Passed" testListId="8c84fa94-04c1-424b-9868-57a2d4851a1d" relativeResultsDirectory="d0f2542c-3bc5-4d2e-9e6b-97fa0c49090b" />
    <UnitTestResult executionId="e745b1b1-fce7-46bb-b404-03055fbd4f19" testId="de64ad7e-24ba-cdba-7e69-04a0a6fc2a5d" testName="SharpNinja.FeatureFlags.Admin.Blazor.Tests.PageRenderTests.AuditTrailRendersRowsForSeededEntries" computerName="PAYTON-LEGION2" duration="00:00:00.0018238" startTime="2026-09-20T03:48:07.6963141-05:00" endTime="2026-09-20T03:48:07.6980016-05:00" testType="13cdc9d9-ddb5-4fa4-a97d-d965ccfc6d4b" outcome="Passed" testListId="8c84fa94-04c1-424b-9868-57a2d4851a1d" relativeResultsDirectory="e745b1b1-fce7-46bb-b404-03055fbd4f19" />
    <UnitTestResult executionId="31b8df4b-5b3a-4245-b89a-c0215bdf212f" testId="13344583-3da5-7156-2ddb-40ca5d25569a" testName="SharpNinja.FeatureFlags.Admin.Blazor.Tests.AdminAuthorizationBoundaryTests.AnonymousMutationRejectsForgedPrivileges(operation: &quot;promote&quot;)" computerName="PAYTON-LEGION2" duration="00:00:00.0002362" startTime="2026-09-20T03:48:07.2889877-05:00" endTime="2026-09-20T03:48:07.2890274-05:00" testType="13cdc9d9-ddb5-4fa4-a97d-d965ccfc6d4b" outcome="Passed" testListId="8c84fa94-04c1-424b-9868-57a2d4851a1d" relativeResultsDirectory="31b8df4b-5b3a-4245-b89a-c0215bdf212f" />
    <UnitTestResult executionId="fd7d6768-348c-495f-849f-7dc9d34fedd1" testId="1cb612fd-3bd0-df5e-1cb4-a4b6bcab1578" testName="SharpNinja.FeatureFlags.Admin.Blazor.Tests.PageRenderTests.FlagCreateRendersForm" computerName="PAYTON-LEGION2" duration="00:00:00.0019725" startTime="2026-09-20T03:48:07.6784071-05:00" endTime="2026-09-20T03:48:07.6803131-05:00" testType="13cdc9d9-ddb5-4fa4-a97d-d965ccfc6d4b" outcome="Passed" testListId="8c84fa94-04c1-424b-9868-57a2d4851a1d" relativeResultsDirectory="fd7d6768-348c-495f-849f-7dc9d34fedd1" />
    <UnitTestResult executionId="aeae4ffb-fe64-48e9-ab30-2975f214cf4e" testId="11c4b0f2-b00d-45ca-bdae-779c285d4e5f" testName="SharpNinja.FeatureFlags.Admin.Blazor.Tests.PageRenderTests.RbacPageRendersRoles" computerName="PAYTON-LEGION2" duration="00:00:00.0052308" startTime="2026-09-20T03:48:07.6981267-05:00" endTime="2026-09-20T03:48:07.7032945-05:00" testType="13cdc9d9-ddb5-4fa4-a97d-d965ccfc6d4b" outcome="Passed" testListId="8c84fa94-04c1-424b-9868-57a2d4851a1d" relativeResultsDirectory="aeae4ffb-fe64-48e9-ab30-2975f214cf4e" />
    <UnitTestResult executionId="d93d0ed2-2e6a-42b2-8b8b-60c757343a78" testId="d9df25d2-5cc5-4fe3-31c8-acd9b0a51d55" testName="SharpNinja.FeatureFlags.Admin.Blazor.Tests.PageRenderTests.DashboardCountsDraftsByEnvironment" computerName="PAYTON-LEGION2" duration="00:00:00.0036798" startTime="2026-09-20T03:48:07.6804299-05:00" endTime="2026-09-20T03:48:07.6840598-05:00" testType="13cdc9d9-ddb5-4fa4-a97d-d965ccfc6d4b" outcome="Passed" testListId="8c84fa94-04c1-424b-9868-57a2d4851a1d" relativeResultsDirectory="d93d0ed2-2e6a-42b2-8b8b-60c757343a78" />
    <UnitTestResult executionId="2443d291-df50-4aea-affd-4d82bc2ad3ce" testId="fbd85794-a376-ba33-41e9-784c4e710424" testName="SharpNinja.FeatureFlags.Admin.Blazor.Tests.AdminAuthorizationBoundaryTests.ViewerMutationRejectsForgedPrivileges(operation: &quot;update&quot;)" computerName="PAYTON-LEGION2" duration="00:00:00.0500233" startTime="2026-09-20T03:48:07.2148941-05:00" endTime="2026-09-20T03:48:07.2743454-05:00" testType="13cdc9d9-ddb5-4fa4-a97d-d965ccfc6d4b" outcome="Passed" testListId="8c84fa94-04c1-424b-9868-57a2d4851a1d" relativeResultsDirectory="2443d291-df50-4aea-affd-4d82bc2ad3ce" />
    <UnitTestResult executionId="c17bbe27-3a23-4009-adbf-483921144034" testId="e8195ae6-d6f5-ec5e-85ed-e47042e69c90" testName="SharpNinja.FeatureFlags.Admin.Blazor.Tests.PageRenderTests.FlagListFilterByEnvironment" computerName="PAYTON-LEGION2" duration="00:00:00.0127994" startTime="2026-09-20T03:48:07.6546143-05:00" endTime="2026-09-20T03:48:07.6672674-05:00" testType="13cdc9d9-ddb5-4fa4-a97d-d965ccfc6d4b" outcome="Passed" testListId="8c84fa94-04c1-424b-9868-57a2d4851a1d" relativeResultsDirectory="c17bbe27-3a23-4009-adbf-483921144034" />
    <UnitTestResult executionId="16543ee3-811c-49b4-a2cd-4e8da5604a2f" testId="aff81d43-af51-9d39-336e-5a6dbbdc4985" testName="SharpNinja.FeatureFlags.Admin.Blazor.Tests.AdminAuthorizationBoundaryTests.AnonymousMutationRejectsForgedPrivileges(operation: &quot;create&quot;)" computerName="PAYTON-LEGION2" duration="00:00:00.0004390" startTime="2026-09-20T03:48:07.2888571-05:00" endTime="2026-09-20T03:48:07.2889101-05:00" testType="13cdc9d9-ddb5-4fa4-a97d-d965ccfc6d4b" outcome="Passed" testListId="8c84fa94-04c1-424b-9868-57a2d4851a1d" relativeResultsDirectory="16543ee3-811c-49b4-a2cd-4e8da5604a2f" />
    <UnitTestResult executionId="49f9c5f1-fce6-4bae-8529-1071d90a59db" testId="a4638703-6083-2ac2-24c6-137f7aed6139" testName="SharpNinja.FeatureFlags.Admin.Blazor.Tests.PageRenderTests.FlagCreateValidationRejectsEmptyKey" computerName="PAYTON-LEGION2" duration="00:00:00.0297034" startTime="2026-09-20T03:48:07.6139629-05:00" endTime="2026-09-20T03:48:07.6433416-05:00" testType="13cdc9d9-ddb5-4fa4-a97d-d965ccfc6d4b" outcome="Passed" testListId="8c84fa94-04c1-424b-9868-57a2d4851a1d" relativeResultsDirectory="49f9c5f1-fce6-4bae-8529-1071d90a59db" />
    <UnitTestResult executionId="371597cf-54b7-4e3a-9544-4ba330023c56" testId="e4576159-265b-dcf6-9adb-0d6d8f93c4ee" testName="SharpNinja.FeatureFlags.Admin.Blazor.Tests.PageRenderTests.FlagPromoteRendersForm" computerName="PAYTON-LEGION2" duration="00:00:00.0059803" startTime="2026-09-20T03:48:07.6674125-05:00" endTime="2026-09-20T03:48:07.6733383-05:00" testType="13cdc9d9-ddb5-4fa4-a97d-d965ccfc6d4b" outcome="Passed" testListId="8c84fa94-04c1-424b-9868-57a2d4851a1d" relativeResultsDirectory="371597cf-54b7-4e3a-9544-4ba330023c56" />
  </Results>
  <TestDefinitions>
    <UnitTest name="SharpNinja.FeatureFlags.Admin.Blazor.Tests.AdminAuthorizationBoundaryTests.AnonymousMutationRejectsForgedPrivileges(operation: &quot;create&quot;)" storage="f:\github\truckmate\submodules\featureflags\tests\sharpninja.featureflags.admin.blazor.tests\bin\debug\net10.0\sharpninja.featureflags.admin.blazor.tests.dll" id="aff81d43-af51-9d39-336e-5a6dbbdc4985">
      <Execution id="16543ee3-811c-49b4-a2cd-4e8da5604a2f" />
      <TestMethod codeBase="F:\GitHub\TruckMate\submodules\FeatureFlags\tests\SharpNinja.FeatureFlags.Admin.Blazor.Tests\bin\Debug\net10.0\SharpNinja.FeatureFlags.Admin.Blazor.Tests.dll" adapterTypeName="executor://xunit/VsTestRunner3/netcore/" className="SharpNinja.FeatureFlags.Admin.Blazor.Tests.AdminAuthorizationBoundaryTests" name="AnonymousMutationRejectsForgedPrivileges" />
    </UnitTest>
    <UnitTest name="SharpNinja.FeatureFlags.Admin.Blazor.Tests.PageRenderTests.DashboardCountsDraftsByEnvironment" storage="f:\github\truckmate\submodules\featureflags\tests\sharpninja.featureflags.admin.blazor.tests\bin\debug\net10.0\sharpninja.featureflags.admin.blazor.tests.dll" id="d9df25d2-5cc5-4fe3-31c8-acd9b0a51d55">
      <Execution id="d93d0ed2-2e6a-42b2-8b8b-60c757343a78" />
      <TestMethod codeBase="F:\GitHub\TruckMate\submodules\FeatureFlags\tests\SharpNinja.FeatureFlags.Admin.Blazor.Tests\bin\Debug\net10.0\SharpNinja.FeatureFlags.Admin.Blazor.Tests.dll" adapterTypeName="executor://xunit/VsTestRunner3/netcore/" className="SharpNinja.FeatureFlags.Admin.Blazor.Tests.PageRenderTests" name="DashboardCountsDraftsByEnvironment" />
    </UnitTest>
    <UnitTest name="SharpNinja.FeatureFlags.Admin.Blazor.Tests.PageRenderTests.FlagCreateValidationRejectsEmptyKey" storage="f:\github\truckmate\submodules\featureflags\tests\sharpninja.featureflags.admin.blazor.tests\bin\debug\net10.0\sharpninja.featureflags.admin.blazor.tests.dll" id="a4638703-6083-2ac2-24c6-137f7aed6139">
      <Execution id="49f9c5f1-fce6-4bae-8529-1071d90a59db" />
      <TestMethod codeBase="F:\GitHub\TruckMate\submodules\FeatureFlags\tests\SharpNinja.FeatureFlags.Admin.Blazor.Tests\bin\Debug\net10.0\SharpNinja.FeatureFlags.Admin.Blazor.Tests.dll" adapterTypeName="executor://xunit/VsTestRunner3/netcore/" className="SharpNinja.FeatureFlags.Admin.Blazor.Tests.PageRenderTests" name="FlagCreateValidationRejectsEmptyKey" />
    </UnitTest>
    <UnitTest name="SharpNinja.FeatureFlags.Admin.Blazor.Tests.PageRenderTests.FlagListRendersRowsForEachDraft" storage="f:\github\truckmate\submodules\featureflags\tests\sharpninja.featureflags.admin.blazor.tests\bin\debug\net10.0\sharpninja.featureflags.admin.blazor.tests.dll" id="43b8a454-5e24-c38f-cb7f-082f2b9a028e">
      <Execution id="b2921dec-f2c8-4206-a20f-615165f1676f" />
      <TestMethod codeBase="F:\GitHub\TruckMate\submodules\FeatureFlags\tests\SharpNinja.FeatureFlags.Admin.Blazor.Tests\bin\Debug\net10.0\SharpNinja.FeatureFlags.Admin.Blazor.Tests.dll" adapterTypeName="executor://xunit/VsTestRunner3/netcore/" className="SharpNinja.FeatureFlags.Admin.Blazor.Tests.PageRenderTests" name="FlagListRendersRowsForEachDraft" />
    </UnitTest>
    <UnitTest name="SharpNinja.FeatureFlags.Admin.Blazor.Tests.PageRenderTests.FlagPromoteRendersForm" storage="f:\github\truckmate\submodules\featureflags\tests\sharpninja.featureflags.admin.blazor.tests\bin\debug\net10.0\sharpninja.featureflags.admin.blazor.tests.dll" id="e4576159-265b-dcf6-9adb-0d6d8f93c4ee">
      <Execution id="371597cf-54b7-4e3a-9544-4ba330023c56" />
      <TestMethod codeBase="F:\GitHub\TruckMate\submodules\FeatureFlags\tests\SharpNinja.FeatureFlags.Admin.Blazor.Tests\bin\Debug\net10.0\SharpNinja.FeatureFlags.Admin.Blazor.Tests.dll" adapterTypeName="executor://xunit/VsTestRunner3/netcore/" className="SharpNinja.FeatureFlags.Admin.Blazor.Tests.PageRenderTests" name="FlagPromoteRendersForm" />
    </UnitTest>
    <UnitTest name="SharpNinja.FeatureFlags.Admin.Blazor.Tests.AdminAuthorizationBoundaryTests.ViewerMutationRejectsForgedPrivileges(operation: &quot;create&quot;)" storage="f:\github\truckmate\submodules\featureflags\tests\sharpninja.featureflags.admin.blazor.tests\bin\debug\net10.0\sharpninja.featureflags.admin.blazor.tests.dll" id="95d3abe3-11b7-f7b8-2ffa-e670a8c70f7e">
      <Execution id="ba8dd653-842f-48f6-b2b0-646e532aa1c7" />
      <TestMethod codeBase="F:\GitHub\TruckMate\submodules\FeatureFlags\tests\SharpNinja.FeatureFlags.Admin.Blazor.Tests\bin\Debug\net10.0\SharpNinja.FeatureFlags.Admin.Blazor.Tests.dll" adapterTypeName="executor://xunit/VsTestRunner3/netcore/" className="SharpNinja.FeatureFlags.Admin.Blazor.Tests.AdminAuthorizationBoundaryTests" name="ViewerMutationRejectsForgedPrivileges" />
    </UnitTest>
    <UnitTest name="SharpNinja.FeatureFlags.Admin.Blazor.Tests.AdminAuthorizationBoundaryTests.AnonymousMutationRejectsForgedPrivileges(operation: &quot;publish&quot;)" storage="f:\github\truckmate\submodules\featureflags\tests\sharpninja.featureflags.admin.blazor.tests\bin\debug\net10.0\sharpninja.featureflags.admin.blazor.tests.dll" id="34454f86-914d-8409-3db8-0e7017244281">
      <Execution id="6c94d718-d0af-4440-b9f1-9cfe91df2167" />
      <TestMethod codeBase="F:\GitHub\TruckMate\submodules\FeatureFlags\tests\SharpNinja.FeatureFlags.Admin.Blazor.Tests\bin\Debug\net10.0\SharpNinja.FeatureFlags.Admin.Blazor.Tests.dll" adapterTypeName="executor://xunit/VsTestRunner3/netcore/" className="SharpNinja.FeatureFlags.Admin.Blazor.Tests.AdminAuthorizationBoundaryTests" name="AnonymousMutationRejectsForgedPrivileges" />
    </UnitTest>
    <UnitTest name="SharpNinja.FeatureFlags.Admin.Blazor.Tests.PageRenderTests.FlagEditRendersForm" storage="f:\github\truckmate\submodules\featureflags\tests\sharpninja.featureflags.admin.blazor.tests\bin\debug\net10.0\sharpninja.featureflags.admin.blazor.tests.dll" id="92da9ae6-2429-c6b3-dc0b-f68cdb0b1623">
      <Execution id="c273fb4d-cd88-408d-bbba-2a35168edd3b" />
      <TestMethod codeBase="F:\GitHub\TruckMate\submodules\FeatureFlags\tests\SharpNinja.FeatureFlags.Admin.Blazor.Tests\bin\Debug\net10.0\SharpNinja.FeatureFlags.Admin.Blazor.Tests.dll" adapterTypeName="executor://xunit/VsTestRunner3/netcore/" className="SharpNinja.FeatureFlags.Admin.Blazor.Tests.PageRenderTests" name="FlagEditRendersForm" />
    </UnitTest>
    <UnitTest name="SharpNinja.FeatureFlags.Admin.Blazor.Tests.PageRenderTests.MetricsRendersExperimentResults" storage="f:\github\truckmate\submodules\featureflags\tests\sharpninja.featureflags.admin.blazor.tests\bin\debug\net10.0\sharpninja.featureflags.admin.blazor.tests.dll" id="ce093013-9a81-cbb6-b80a-3f1a3154b766">
      <Execution id="8bf8aee3-93e2-4999-b4d8-edf52cde7ef0" />
      <TestMethod codeBase="F:\GitHub\TruckMate\submodules\FeatureFlags\tests\SharpNinja.FeatureFlags.Admin.Blazor.Tests\bin\Debug\net10.0\SharpNinja.FeatureFlags.Admin.Blazor.Tests.dll" adapterTypeName="executor://xunit/VsTestRunner3/netcore/" className="SharpNinja.FeatureFlags.Admin.Blazor.Tests.PageRenderTests" name="MetricsRendersExperimentResults" />
    </UnitTest>
    <UnitTest name="SharpNinja.FeatureFlags.Admin.Blazor.Tests.AdminAuthorizationBoundaryTests.AnonymousMutationRejectsForgedPrivileges(operation: &quot;promote&quot;)" storage="f:\github\truckmate\submodules\featureflags\tests\sharpninja.featureflags.admin.blazor.tests\bin\debug\net10.0\sharpninja.featureflags.admin.blazor.tests.dll" id="13344583-3da5-7156-2ddb-40ca5d25569a">
      <Execution id="31b8df4b-5b3a-4245-b89a-c0215bdf212f" />
      <TestMethod codeBase="F:\GitHub\TruckMate\submodules\FeatureFlags\tests\SharpNinja.FeatureFlags.Admin.Blazor.Tests\bin\Debug\net10.0\SharpNinja.FeatureFlags.Admin.Blazor.Tests.dll" adapterTypeName="executor://xunit/VsTestRunner3/netcore/" className="SharpNinja.FeatureFlags.Admin.Blazor.Tests.AdminAuthorizationBoundaryTests" name="AnonymousMutationRejectsForgedPrivileges" />
    </UnitTest>
    <UnitTest name="SharpNinja.FeatureFlags.Admin.Blazor.Tests.AdminAuthorizationBoundaryTests.EveryAdminRouteRequiresAuthorization" storage="f:\github\truckmate\submodules\featureflags\tests\sharpninja.featureflags.admin.blazor.tests\bin\debug\net10.0\sharpninja.featureflags.admin.blazor.tests.dll" id="c2951603-d509-699e-2f9c-7a561968f3ec">
      <Execution id="83ca6b10-ed71-4bb5-8b73-71919cd218f5" />
      <TestMethod codeBase="F:\GitHub\TruckMate\submodules\FeatureFlags\tests\SharpNinja.FeatureFlags.Admin.Blazor.Tests\bin\Debug\net10.0\SharpNinja.FeatureFlags.Admin.Blazor.Tests.dll" adapterTypeName="executor://xunit/VsTestRunner3/netcore/" className="SharpNinja.FeatureFlags.Admin.Blazor.Tests.AdminAuthorizationBoundaryTests" name="EveryAdminRouteRequiresAuthorization" />
    </UnitTest>
    <UnitTest name="SharpNinja.FeatureFlags.Admin.Blazor.Tests.AdminAuthorizationBoundaryTests.ViewerMutationRejectsForgedPrivileges(operation: &quot;update&quot;)" storage="f:\github\truckmate\submodules\featureflags\tests\sharpninja.featureflags.admin.blazor.tests\bin\debug\net10.0\sharpninja.featureflags.admin.blazor.tests.dll" id="fbd85794-a376-ba33-41e9-784c4e710424">
      <Execution id="2443d291-df50-4aea-affd-4d82bc2ad3ce" />
      <TestMethod codeBase="F:\GitHub\TruckMate\submodules\FeatureFlags\tests\SharpNinja.FeatureFlags.Admin.Blazor.Tests\bin\Debug\net10.0\SharpNinja.FeatureFlags.Admin.Blazor.Tests.dll" adapterTypeName="executor://xunit/VsTestRunner3/netcore/" className="SharpNinja.FeatureFlags.Admin.Blazor.Tests.AdminAuthorizationBoundaryTests" name="ViewerMutationRejectsForgedPrivileges" />
    </UnitTest>
    <UnitTest name="SharpNinja.FeatureFlags.Admin.Blazor.Tests.PageRenderTests.FlagCreateRendersForm" storage="f:\github\truckmate\submodules\featureflags\tests\sharpninja.featureflags.admin.blazor.tests\bin\debug\net10.0\sharpninja.featureflags.admin.blazor.tests.dll" id="1cb612fd-3bd0-df5e-1cb4-a4b6bcab1578">
      <Execution id="fd7d6768-348c-495f-849f-7dc9d34fedd1" />
      <TestMethod codeBase="F:\GitHub\TruckMate\submodules\FeatureFlags\tests\SharpNinja.FeatureFlags.Admin.Blazor.Tests\bin\Debug\net10.0\SharpNinja.FeatureFlags.Admin.Blazor.Tests.dll" adapterTypeName="executor://xunit/VsTestRunner3/netcore/" className="SharpNinja.FeatureFlags.Admin.Blazor.Tests.PageRenderTests" name="FlagCreateRendersForm" />
    </UnitTest>
    <UnitTest name="SharpNinja.FeatureFlags.Admin.Blazor.Tests.AdminAuthorizationBoundaryTests.ViewerMutationRejectsForgedPrivileges(operation: &quot;promote&quot;)" storage="f:\github\truckmate\submodules\featureflags\tests\sharpninja.featureflags.admin.blazor.tests\bin\debug\net10.0\sharpninja.featureflags.admin.blazor.tests.dll" id="ab48e55c-8dea-fed3-52e8-5eacb2281b2d">
      <Execution id="9d58c23d-bd7f-4ac3-91a5-49dd44b57f56" />
      <TestMethod codeBase="F:\GitHub\TruckMate\submodules\FeatureFlags\tests\SharpNinja.FeatureFlags.Admin.Blazor.Tests\bin\Debug\net10.0\SharpNinja.FeatureFlags.Admin.Blazor.Tests.dll" adapterTypeName="executor://xunit/VsTestRunner3/netcore/" className="SharpNinja.FeatureFlags.Admin.Blazor.Tests.AdminAuthorizationBoundaryTests" name="ViewerMutationRejectsForgedPrivileges" />
    </UnitTest>
    <UnitTest name="SharpNinja.FeatureFlags.Admin.Blazor.Tests.PageRenderTests.FlagListFilterByEnvironment" storage="f:\github\truckmate\submodules\featureflags\tests\sharpninja.featureflags.admin.blazor.tests\bin\debug\net10.0\sharpninja.featureflags.admin.blazor.tests.dll" id="e8195ae6-d6f5-ec5e-85ed-e47042e69c90">
      <Execution id="c17bbe27-3a23-4009-adbf-483921144034" />
      <TestMethod codeBase="F:\GitHub\TruckMate\submodules\FeatureFlags\tests\SharpNinja.FeatureFlags.Admin.Blazor.Tests\bin\Debug\net10.0\SharpNinja.FeatureFlags.Admin.Blazor.Tests.dll" adapterTypeName="executor://xunit/VsTestRunner3/netcore/" className="SharpNinja.FeatureFlags.Admin.Blazor.Tests.PageRenderTests" name="FlagListFilterByEnvironment" />
    </UnitTest>
    <UnitTest name="SharpNinja.FeatureFlags.Admin.Blazor.Tests.AdminAuthorizationBoundaryTests.ViewerMutationRejectsForgedPrivileges(operation: &quot;publish&quot;)" storage="f:\github\truckmate\submodules\featureflags\tests\sharpninja.featureflags.admin.blazor.tests\bin\debug\net10.0\sharpninja.featureflags.admin.blazor.tests.dll" id="cc0121ba-0027-c455-e805-84e7cd0f0cfe">
      <Execution id="766b4f47-6950-4371-9af3-b3d21e902485" />
      <TestMethod codeBase="F:\GitHub\TruckMate\submodules\FeatureFlags\tests\SharpNinja.FeatureFlags.Admin.Blazor.Tests\bin\Debug\net10.0\SharpNinja.FeatureFlags.Admin.Blazor.Tests.dll" adapterTypeName="executor://xunit/VsTestRunner3/netcore/" className="SharpNinja.FeatureFlags.Admin.Blazor.Tests.AdminAuthorizationBoundaryTests" name="ViewerMutationRejectsForgedPrivileges" />
    </UnitTest>
    <UnitTest name="SharpNinja.FeatureFlags.Admin.Blazor.Tests.PageRenderTests.RbacPageRendersRoles" storage="f:\github\truckmate\submodules\featureflags\tests\sharpninja.featureflags.admin.blazor.tests\bin\debug\net10.0\sharpninja.featureflags.admin.blazor.tests.dll" id="11c4b0f2-b00d-45ca-bdae-779c285d4e5f">
      <Execution id="aeae4ffb-fe64-48e9-ab30-2975f214cf4e" />
      <TestMethod codeBase="F:\GitHub\TruckMate\submodules\FeatureFlags\tests\SharpNinja.FeatureFlags.Admin.Blazor.Tests\bin\Debug\net10.0\SharpNinja.FeatureFlags.Admin.Blazor.Tests.dll" adapterTypeName="executor://xunit/VsTestRunner3/netcore/" className="SharpNinja.FeatureFlags.Admin.Blazor.Tests.PageRenderTests" name="RbacPageRendersRoles" />
    </UnitTest>
    <UnitTest name="SharpNinja.FeatureFlags.Admin.Blazor.Tests.PageRenderTests.FlagPublishRendersForm" storage="f:\github\truckmate\submodules\featureflags\tests\sharpninja.featureflags.admin.blazor.tests\bin\debug\net10.0\sharpninja.featureflags.admin.blazor.tests.dll" id="d509f411-3226-f714-fc84-7c51d6961f74">
      <Execution id="33d7af3e-4353-4cad-a51e-ff74c04d148a" />
      <TestMethod codeBase="F:\GitHub\TruckMate\submodules\FeatureFlags\tests\SharpNinja.FeatureFlags.Admin.Blazor.Tests\bin\Debug\net10.0\SharpNinja.FeatureFlags.Admin.Blazor.Tests.dll" adapterTypeName="executor://xunit/VsTestRunner3/netcore/" className="SharpNinja.FeatureFlags.Admin.Blazor.Tests.PageRenderTests" name="FlagPublishRendersForm" />
    </UnitTest>
    <UnitTest name="SharpNinja.FeatureFlags.Admin.Blazor.Tests.AdminAuthorizationBoundaryTests.EditorCreateAuditsAuthenticatedActor" storage="f:\github\truckmate\submodules\featureflags\tests\sharpninja.featureflags.admin.blazor.tests\bin\debug\net10.0\sharpninja.featureflags.admin.blazor.tests.dll" id="0eaaad29-27fb-88d6-d41e-b68f33f986ad">
      <Execution id="d0f2542c-3bc5-4d2e-9e6b-97fa0c49090b" />
      <TestMethod codeBase="F:\GitHub\TruckMate\submodules\FeatureFlags\tests\SharpNinja.FeatureFlags.Admin.Blazor.Tests\bin\Debug\net10.0\SharpNinja.FeatureFlags.Admin.Blazor.Tests.dll" adapterTypeName="executor://xunit/VsTestRunner3/netcore/" className="SharpNinja.FeatureFlags.Admin.Blazor.Tests.AdminAuthorizationBoundaryTests" name="EditorCreateAuditsAuthenticatedActor" />
    </UnitTest>
    <UnitTest name="SharpNinja.FeatureFlags.Admin.Blazor.Tests.PageRenderTests.AuditTrailRendersRowsForSeededEntries" storage="f:\github\truckmate\submodules\featureflags\tests\sharpninja.featureflags.admin.blazor.tests\bin\debug\net10.0\sharpninja.featureflags.admin.blazor.tests.dll" id="de64ad7e-24ba-cdba-7e69-04a0a6fc2a5d">
      <Execution id="e745b1b1-fce7-46bb-b404-03055fbd4f19" />
      <TestMethod codeBase="F:\GitHub\TruckMate\submodules\FeatureFlags\tests\SharpNinja.FeatureFlags.Admin.Blazor.Tests\bin\Debug\net10.0\SharpNinja.FeatureFlags.Admin.Blazor.Tests.dll" adapterTypeName="executor://xunit/VsTestRunner3/netcore/" className="SharpNinja.FeatureFlags.Admin.Blazor.Tests.PageRenderTests" name="AuditTrailRendersRowsForSeededEntries" />
    </UnitTest>
    <UnitTest name="SharpNinja.FeatureFlags.Admin.Blazor.Tests.PageRenderTests.AuditTrailRendersEmptyState" storage="f:\github\truckmate\submodules\featureflags\tests\sharpninja.featureflags.admin.blazor.tests\bin\debug\net10.0\sharpninja.featureflags.admin.blazor.tests.dll" id="e85b140c-08de-c9d2-4032-de81b270a53e">
      <Execution id="2ca91ce2-6277-401a-a92d-a42dcbda9c46" />
      <TestMethod codeBase="F:\GitHub\TruckMate\submodules\FeatureFlags\tests\SharpNinja.FeatureFlags.Admin.Blazor.Tests\bin\Debug\net10.0\SharpNinja.FeatureFlags.Admin.Blazor.Tests.dll" adapterTypeName="executor://xunit/VsTestRunner3/netcore/" className="SharpNinja.FeatureFlags.Admin.Blazor.Tests.PageRenderTests" name="AuditTrailRendersEmptyState" />
    </UnitTest>
    <UnitTest name="SharpNinja.FeatureFlags.Admin.Blazor.Tests.PageRenderTests.DashboardRendersZeroCountsWhenEmpty" storage="f:\github\truckmate\submodules\featureflags\tests\sharpninja.featureflags.admin.blazor.tests\bin\debug\net10.0\sharpninja.featureflags.admin.blazor.tests.dll" id="c7d99808-0a73-952e-e3cd-a15c3dafeac4">
      <Execution id="f0f21677-85da-4d2d-9647-616652d0a8e1" />
      <TestMethod codeBase="F:\GitHub\TruckMate\submodules\FeatureFlags\tests\SharpNinja.FeatureFlags.Admin.Blazor.Tests\bin\Debug\net10.0\SharpNinja.FeatureFlags.Admin.Blazor.Tests.dll" adapterTypeName="executor://xunit/VsTestRunner3/netcore/" className="SharpNinja.FeatureFlags.Admin.Blazor.Tests.PageRenderTests" name="DashboardRendersZeroCountsWhenEmpty" />
    </UnitTest>
    <UnitTest name="SharpNinja.FeatureFlags.Admin.Blazor.Tests.AdminAuthorizationBoundaryTests.AnonymousMutationRejectsForgedPrivileges(operation: &quot;update&quot;)" storage="f:\github\truckmate\submodules\featureflags\tests\sharpninja.featureflags.admin.blazor.tests\bin\debug\net10.0\sharpninja.featureflags.admin.blazor.tests.dll" id="3648846c-d177-c9f9-cf58-f2ac72b819d5">
      <Execution id="88beceb2-0f32-4109-86fc-4072034e828b" />
      <TestMethod codeBase="F:\GitHub\TruckMate\submodules\FeatureFlags\tests\SharpNinja.FeatureFlags.Admin.Blazor.Tests\bin\Debug\net10.0\SharpNinja.FeatureFlags.Admin.Blazor.Tests.dll" adapterTypeName="executor://xunit/VsTestRunner3/netcore/" className="SharpNinja.FeatureFlags.Admin.Blazor.Tests.AdminAuthorizationBoundaryTests" name="AnonymousMutationRejectsForgedPrivileges" />
    </UnitTest>
    <UnitTest name="SharpNinja.FeatureFlags.Admin.Blazor.Tests.AdminAuthorizationBoundaryTests.EditorWithoutProductGrantCannotUseForgedProductMetadata" storage="f:\github\truckmate\submodules\featureflags\tests\sharpninja.featureflags.admin.blazor.tests\bin\debug\net10.0\sharpninja.featureflags.admin.blazor.tests.dll" id="170a2b66-ce8c-9d53-196d-47c182d9408e">
      <Execution id="789f6fc1-d46d-4a5b-ac1c-60827ebcd0c6" />
      <TestMethod codeBase="F:\GitHub\TruckMate\submodules\FeatureFlags\tests\SharpNinja.FeatureFlags.Admin.Blazor.Tests\bin\Debug\net10.0\SharpNinja.FeatureFlags.Admin.Blazor.Tests.dll" adapterTypeName="executor://xunit/VsTestRunner3/netcore/" className="SharpNinja.FeatureFlags.Admin.Blazor.Tests.AdminAuthorizationBoundaryTests" name="EditorWithoutProductGrantCannotUseForgedProductMetadata" />
    </UnitTest>
    <UnitTest name="SharpNinja.FeatureFlags.Admin.Blazor.Tests.PageRenderTests.MetricsRendersAdminMetrics" storage="f:\github\truckmate\submodules\featureflags\tests\sharpninja.featureflags.admin.blazor.tests\bin\debug\net10.0\sharpninja.featureflags.admin.blazor.tests.dll" id="90da93b7-ac5b-2c88-0ce6-6d4aba65e3b3">
      <Execution id="f38cd15c-c632-4b81-983e-414d272957aa" />
      <TestMethod codeBase="F:\GitHub\TruckMate\submodules\FeatureFlags\tests\SharpNinja.FeatureFlags.Admin.Blazor.Tests\bin\Debug\net10.0\SharpNinja.FeatureFlags.Admin.Blazor.Tests.dll" adapterTypeName="executor://xunit/VsTestRunner3/netcore/" className="SharpNinja.FeatureFlags.Admin.Blazor.Tests.PageRenderTests" name="MetricsRendersAdminMetrics" />
    </UnitTest>
  </TestDefinitions>
  <TestEntries>
    <TestEntry testId="3648846c-d177-c9f9-cf58-f2ac72b819d5" executionId="88beceb2-0f32-4109-86fc-4072034e828b" testListId="8c84fa94-04c1-424b-9868-57a2d4851a1d" />
    <TestEntry testId="170a2b66-ce8c-9d53-196d-47c182d9408e" executionId="789f6fc1-d46d-4a5b-ac1c-60827ebcd0c6" testListId="8c84fa94-04c1-424b-9868-57a2d4851a1d" />
    <TestEntry testId="e85b140c-08de-c9d2-4032-de81b270a53e" executionId="2ca91ce2-6277-401a-a92d-a42dcbda9c46" testListId="8c84fa94-04c1-424b-9868-57a2d4851a1d" />
    <TestEntry testId="c2951603-d509-699e-2f9c-7a561968f3ec" executionId="83ca6b10-ed71-4bb5-8b73-71919cd218f5" testListId="8c84fa94-04c1-424b-9868-57a2d4851a1d" />
    <TestEntry testId="c7d99808-0a73-952e-e3cd-a15c3dafeac4" executionId="f0f21677-85da-4d2d-9647-616652d0a8e1" testListId="8c84fa94-04c1-424b-9868-57a2d4851a1d" />
    <TestEntry testId="43b8a454-5e24-c38f-cb7f-082f2b9a028e" executionId="b2921dec-f2c8-4206-a20f-615165f1676f" testListId="8c84fa94-04c1-424b-9868-57a2d4851a1d" />
    <TestEntry testId="cc0121ba-0027-c455-e805-84e7cd0f0cfe" executionId="766b4f47-6950-4371-9af3-b3d21e902485" testListId="8c84fa94-04c1-424b-9868-57a2d4851a1d" />
    <TestEntry testId="ab48e55c-8dea-fed3-52e8-5eacb2281b2d" executionId="9d58c23d-bd7f-4ac3-91a5-49dd44b57f56" testListId="8c84fa94-04c1-424b-9868-57a2d4851a1d" />
    <TestEntry testId="90da93b7-ac5b-2c88-0ce6-6d4aba65e3b3" executionId="f38cd15c-c632-4b81-983e-414d272957aa" testListId="8c84fa94-04c1-424b-9868-57a2d4851a1d" />
    <TestEntry testId="ce093013-9a81-cbb6-b80a-3f1a3154b766" executionId="8bf8aee3-93e2-4999-b4d8-edf52cde7ef0" testListId="8c84fa94-04c1-424b-9868-57a2d4851a1d" />
    <TestEntry testId="d509f411-3226-f714-fc84-7c51d6961f74" executionId="33d7af3e-4353-4cad-a51e-ff74c04d148a" testListId="8c84fa94-04c1-424b-9868-57a2d4851a1d" />
    <TestEntry testId="34454f86-914d-8409-3db8-0e7017244281" executionId="6c94d718-d0af-4440-b9f1-9cfe91df2167" testListId="8c84fa94-04c1-424b-9868-57a2d4851a1d" />
    <TestEntry testId="95d3abe3-11b7-f7b8-2ffa-e670a8c70f7e" executionId="ba8dd653-842f-48f6-b2b0-646e532aa1c7" testListId="8c84fa94-04c1-424b-9868-57a2d4851a1d" />
    <TestEntry testId="92da9ae6-2429-c6b3-dc0b-f68cdb0b1623" executionId="c273fb4d-cd88-408d-bbba-2a35168edd3b" testListId="8c84fa94-04c1-424b-9868-57a2d4851a1d" />
    <TestEntry testId="0eaaad29-27fb-88d6-d41e-b68f33f986ad" executionId="d0f2542c-3bc5-4d2e-9e6b-97fa0c49090b" testListId="8c84fa94-04c1-424b-9868-57a2d4851a1d" />
    <TestEntry testId="de64ad7e-24ba-cdba-7e69-04a0a6fc2a5d" executionId="e745b1b1-fce7-46bb-b404-03055fbd4f19" testListId="8c84fa94-04c1-424b-9868-57a2d4851a1d" />
    <TestEntry testId="13344583-3da5-7156-2ddb-40ca5d25569a" executionId="31b8df4b-5b3a-4245-b89a-c0215bdf212f" testListId="8c84fa94-04c1-424b-9868-57a2d4851a1d" />
    <TestEntry testId="1cb612fd-3bd0-df5e-1cb4-a4b6bcab1578" executionId="fd7d6768-348c-495f-849f-7dc9d34fedd1" testListId="8c84fa94-04c1-424b-9868-57a2d4851a1d" />
    <TestEntry testId="11c4b0f2-b00d-45ca-bdae-779c285d4e5f" executionId="aeae4ffb-fe64-48e9-ab30-2975f214cf4e" testListId="8c84fa94-04c1-424b-9868-57a2d4851a1d" />
    <TestEntry testId="d9df25d2-5cc5-4fe3-31c8-acd9b0a51d55" executionId="d93d0ed2-2e6a-42b2-8b8b-60c757343a78" testListId="8c84fa94-04c1-424b-9868-57a2d4851a1d" />
    <TestEntry testId="fbd85794-a376-ba33-41e9-784c4e710424" executionId="2443d291-df50-4aea-affd-4d82bc2ad3ce" testListId="8c84fa94-04c1-424b-9868-57a2d4851a1d" />
    <TestEntry testId="e8195ae6-d6f5-ec5e-85ed-e47042e69c90" executionId="c17bbe27-3a23-4009-adbf-483921144034" testListId="8c84fa94-04c1-424b-9868-57a2d4851a1d" />
    <TestEntry testId="aff81d43-af51-9d39-336e-5a6dbbdc4985" executionId="16543ee3-811c-49b4-a2cd-4e8da5604a2f" testListId="8c84fa94-04c1-424b-9868-57a2d4851a1d" />
    <TestEntry testId="a4638703-6083-2ac2-24c6-137f7aed6139" executionId="49f9c5f1-fce6-4bae-8529-1071d90a59db" testListId="8c84fa94-04c1-424b-9868-57a2d4851a1d" />
    <TestEntry testId="e4576159-265b-dcf6-9adb-0d6d8f93c4ee" executionId="371597cf-54b7-4e3a-9544-4ba330023c56" testListId="8c84fa94-04c1-424b-9868-57a2d4851a1d" />
  </TestEntries>
  <TestLists>
    <TestList name="Results Not in a List" id="8c84fa94-04c1-424b-9868-57a2d4851a1d" />
    <TestList name="All Loaded Results" id="19431567-8539-422a-85d7-44ee4e166bda" />
  </TestLists>
  <ResultSummary outcome="Completed">
    <Counters total="25" executed="25" passed="25" failed="0" error="0" timeout="0" aborted="0" inconclusive="0" passedButRunAborted="0" notRunnable="0" notExecuted="0" disconnected="0" warning="0" completed="0" inProgress="0" pending="0" />
    <Output>
      <StdOut>[xUnit.net 00:00:00.00] xUnit.net VSTest Adapter v3.1.5+1b188a7b0a (64-bit .NET 10.0.12)&#xD;
[xUnit.net 00:00:00.10]   Discovering: SharpNinja.FeatureFlags.Admin.Blazor.Tests&#xD;
[xUnit.net 00:00:00.16]   Discovered:  SharpNinja.FeatureFlags.Admin.Blazor.Tests&#xD;
[xUnit.net 00:00:00.19]   Starting:    SharpNinja.FeatureFlags.Admin.Blazor.Tests&#xD;
[xUnit.net 00:00:00.71]   Finished:    SharpNinja.FeatureFlags.Admin.Blazor.Tests&#xD;
</StdOut>
    </Output>
  </ResultSummary>
</TestRun>